Job: 10640904 @ carter-gpu-02 Sun May 10 09:03:18 PDT 2026
Sun May 10 09:03:18 2026       
+-----------------------------------------------------------------------------------------+
| NVIDIA-SMI 565.57.01              Driver Version: 565.57.01      CUDA Version: 12.7     |
|-----------------------------------------+------------------------+----------------------+
| GPU  Name                 Persistence-M | Bus-Id          Disp.A | Volatile Uncorr. ECC |
| Fan  Temp   Perf          Pwr:Usage/Cap |           Memory-Usage | GPU-Util  Compute M. |
|                                         |                        |               MIG M. |
|=========================================+========================+======================|
|   0  NVIDIA A30                     On  |   00000000:81:00.0 Off |                    0 |
| N/A   34C    P0             29W /  165W |       1MiB /  24576MiB |      0%      Default |
|                                         |                        |             Disabled |
+-----------------------------------------+------------------------+----------------------+
                                                                                         
+-----------------------------------------------------------------------------------------+
| Processes:                                                                              |
|  GPU   GI   CI        PID   Type   Process name                              GPU Memory |
|        ID   ID                                                               Usage      |
|=========================================================================================|
|  No running processes found                                                             |
+-----------------------------------------------------------------------------------------+
[setup] downloading MuData from Synapse syn74522725 -> /cellar/users/aklie/projects/tf_perturb_seq/datasets/Hon_WTC11-cardiomyocyte-differentiation_TF-Perturb-seq/results/energy_distance/2026_04_19_no_spacer/inference_mudata.h5mu
