Job: 10641084 @ carter-gpu-02 Sun May 10 09:07:31 PDT 2026
Sun May 10 09:07:31 2026       
+-----------------------------------------------------------------------------------------+
| NVIDIA-SMI 565.57.01              Driver Version: 565.57.01      CUDA Version: 12.7     |
|-----------------------------------------+------------------------+----------------------+
| GPU  Name                 Persistence-M | Bus-Id          Disp.A | Volatile Uncorr. ECC |
| Fan  Temp   Perf          Pwr:Usage/Cap |           Memory-Usage | GPU-Util  Compute M. |
|                                         |                        |               MIG M. |
|=========================================+========================+======================|
|   0  NVIDIA A30                     On  |   00000000:41:00.0 Off |                    0 |
| N/A   30C    P0             28W /  165W |       1MiB /  24576MiB |      0%      Default |
|                                         |                        |             Disabled |
+-----------------------------------------+------------------------+----------------------+
                                                                                         
+-----------------------------------------------------------------------------------------+
| Processes:                                                                              |
|  GPU   GI   CI        PID   Type   Process name                              GPU Memory |
|        ID   ID                                                               Usage      |
|=========================================================================================|
|  No running processes found                                                             |
+-----------------------------------------------------------------------------------------+
[setup] MuData: /cellar/users/aklie/projects/tf_perturb_seq/datasets/Gersbach_WTC11-benchmark_TF-Perturb-seq_HTv2/runs/cleanser_800_mito_15pc/pipeline_dashboard/inference_mudata.h5mu (643M)
[setup] container: /cellar/users/aklie/opt/containers/edist_pipeline.sif
[setup] pipeline bin: /cellar/users/aklie/projects/tf_perturb_seq/external/energy_dist_pipeline/bin
[setup] preprocess script: /cellar/users/aklie/projects/tf_perturb_seq/scripts/preprocess_mudata_local.py
[setup] configs written to /cellar/users/aklie/projects/tf_perturb_seq/datasets/Gersbach_WTC11-benchmark_TF-Perturb-seq_HTv2/results/energy_distance/cleanser_800_mito_15pc
[step0] preprocessing MuData ...
[preprocess] reading /cellar/users/aklie/projects/tf_perturb_seq/datasets/Gersbach_WTC11-benchmark_TF-Perturb-seq_HTv2/runs/cleanser_800_mito_15pc/pipeline_dashboard/inference_mudata.h5mu
MuData object with n_obs × n_vars = 37728 × 13296
  obs:	'batch'
  uns:	'cis_per_element_results', 'cis_per_guide_results', 'trans_per_element_results', 'trans_per_guide_results'
  2 modalities
    gene:	37728 x 12880
      obs:	'batch', 'batch_number', 'n_counts', 'log1p_n_genes_by_counts', 'total_gene_umis', 'log1p_total_counts', 'pct_counts_in_top_50_genes', 'pct_counts_in_top_100_genes', 'pct_counts_in_top_200_genes', 'pct_counts_in_top_500_genes', 'total_counts_mt', 'log1p_total_counts_mt', 'percent_mito', 'total_counts_ribo', 'log1p_total_counts_ribo', 'pct_counts_ribo', 'num_expressed_genes'
      var:	'symbol', 'mt', 'ribo', 'n_cells_by_counts', 'mean_counts', 'log1p_mean_counts', 'pct_dropout_by_counts', 'total_counts', 'log1p_total_counts', 'n_cells', 'gene_chr', 'gene_start', 'gene_end'
    guide:	37728 x 416
      obs:	'batch', 'num_expressed_guides', 'total_guide_umis'
      var:	'guide_id', 'spacer', 'targeting', 'type', 'guide_chr', 'guide_start', 'guide_end', 'strand', 'pam', 'genomic_element', 'intended_target_name', 'intended_target_chr', 'intended_target_start', 'intended_target_end', 'putative_target_genes', 'reporter', 'imperfect', 'gene_name', 'label', 'intended_target_key'
      uns:	'capture_method', 'moi'
      layers:	'guide_assignment', 'guide_assignment_posteriors'
[preprocess] modality keys: rna=gene, guide=guide
[preprocess] running PCA (n_comps=50)
[preprocess] building gRNA -> cells dict
[preprocess] building annotation table
[preprocess] writing preprocessed.h5ad + gRNA_dict.pickle + pca_dataframe.pickle
[preprocess] done
[step1] filter outlier gRNAs
--- Configuration Loaded ---
{
    "output_file_name_list": {
        "OUTPUT_FOLDER": "/cellar/users/aklie/projects/tf_perturb_seq/datasets/Gersbach_WTC11-benchmark_TF-Perturb-seq_HTv2/results/energy_distance/cleanser_800_mito_15pc",
        "targeting_outlier_table": "targeting_outlier_table.csv",
        "non_targeting_outlier_table": "non_targeting_outlier_table.csv",
        "edist_pvalue_table": "pval_edist_full.csv",
        "edist_target_by_target_matrix": "target_by_target_matrix.csv",
        "edist_embedding_info": "edist_embedding_info.csv",
        "pca_table": "pca_dataframe.pickle",
        "gRNA_dict": "gRNA_dict.pickle",
        "discordance_gRNA_table": "discordance_gRNA.csv",
        "OVERWRITE_PCA_DICT": false
    },
    "input_data": {
        "annotation_file": {
            "file_path": "/cellar/users/aklie/projects/tf_perturb_seq/datasets/Gersbach_WTC11-benchmark_TF-Perturb-seq_HTv2/results/energy_distance/cleanser_800_mito_15pc/annotation_table.csv",
            "concatenate_key": "intended_target_name"
        },
        "h5ad_file": {
            "file_path": "/cellar/users/aklie/projects/tf_perturb_seq/datasets/Gersbach_WTC11-benchmark_TF-Perturb-seq_HTv2/results/energy_distance/cleanser_800_mito_15pc/preprocessed.h5ad",
            "obsm_key": "X_pca"
        },
        "sgRNA_file": {
            "file_path": "/cellar/users/aklie/projects/tf_perturb_seq/datasets/Gersbach_WTC11-benchmark_TF-Perturb-seq_HTv2/results/energy_distance/cleanser_800_mito_15pc/gRNA_dict.pickle"
        }
    },
    "gRNA_filtering": {
        "perform_targeting_filtering": true,
        "perform_nontargeting_filtering": true,
        "threshold_gRNA_num": 6,
        "combi_count": 4,
        "total_permute_disco": 1000,
        "combi_cell_num_max": 1000,
        "batch_num_basic": 120
    },
    "permutation_test": {
        "permute_per_bg": 1000,
        "num_of_bg": 20,
        "non_target_pick": 2000,
        "target_cell_num_max": 2000,
        "batch_num_basic": 200,
        "use_matched_bg": false
    },
    "aggregate": {
        "downsampling_maximum": 10000
    }
}
--------------------------
--- Processing PCA data ---
Loading existing PCA file '/cellar/users/aklie/projects/tf_perturb_seq/datasets/Gersbach_WTC11-benchmark_TF-Perturb-seq_HTv2/results/energy_distance/cleanser_800_mito_15pc/pca_dataframe.pickle'.

--- Processing gRNA dictionary ---
Loading existing gRNA dictionary file '/cellar/users/aklie/projects/tf_perturb_seq/datasets/Gersbach_WTC11-benchmark_TF-Perturb-seq_HTv2/results/energy_distance/cleanser_800_mito_15pc/gRNA_dict.pickle'.
gRNA dictionary loaded successfully. Found 416 types of gRNAs.

--- Processing finished ---
Load csv formated annotation file
annotation file loaded
--------
safe-targeting: 0 gRNAs
non-targeting: 30 gRNAs
targeting: 378 gRNAs
positive control: 8 gRNAs
negative control: 0 gRNAs
variant: 0 gRNAs
416 gRNAs are found in both annotation and gRNA_dict
0 gRNAs are found only in annotation (possibly dropout)
0 gRNAs are found only in gRNA_dict
Processing 69 target regions...
Note: Downsampling was applied for target(s): ENSG00000110651|chr11:2377315-2377333
Note: Downsampling was applied for target(s): ENSG00000177697|chr11:833006-833024
Skipping target 'ENSG00000196352|chr1:207321714-207321732': Needs at least 2 gRNAs, found 1.
Skipping target 'ENSG00000166681|chrX:103376258-103376279': Needs at least 2 gRNAs, found 1.
Skipping target 'ENSG00000166681|chrX:103376320-103376338': Needs at least 2 gRNAs, found 1.
Skipping target 'ENSG00000072274|chr3:196082072-196082093': Needs at least 2 gRNAs, found 1.
Note: Downsampling was applied for target(s): ENSG00000196266|chr1:159314202-159314653
Note: Downsampling was applied for target(s): ENSG00000221933|chr7:144074196-144074622
Note: Downsampling was applied for target(s): ENSG00000188124|chr11:6768838-6769042
Note: Downsampling was applied for target(s): ENSG00000178358|chr11:6921017-6921220
Note: Downsampling was applied for target(s): ENSG00000213215|chr7:143959941-143960377
Note: Downsampling was applied for target(s): ENSG00000166884|chr11:59456915-59457023
Note: Downsampling was applied for target(s): ENSG00000176567|chr11:48263880-48264304
Note: Downsampling was applied for target(s): ENSG00000184933|chr11:6795688-6795887
Note: Downsampling was applied for target(s): ENSG00000181499|chr11:123943393-123943835
Note: Downsampling was applied for target(s): ENSG00000072364|chr5:132963540-132963638
Note: Downsampling was applied for target(s): ENSG00000117713|chr1:26696017-26696482
Note: Downsampling was applied for target(s): ENSG00000049618|chr6:156777663-156778009
Note: Downsampling was applied for target(s): ENSG00000049618|chr6:156779041-156779230
Note: Downsampling was applied for target(s): ENSG00000133794|chr11:13277791-13277895
Note: Downsampling was applied for target(s): ENSG00000143437|chr1:150876336-150876712
Note: Downsampling was applied for target(s): ENSG00000156127|chr14:75522489-75522572
Note: Downsampling was applied for target(s): ENSG00000134852|chr4:55546719-55546835
Note: Downsampling was applied for target(s): ENSG00000005339|chr16:3880184-3880693
Note: Downsampling was applied for target(s): ENSG00000168036|chr3:41199511-41199710
Note: Downsampling was applied for target(s): ENSG00000074266|chr11:86244776-86245214
Note: Downsampling was applied for target(s): ENSG00000100393|chr22:41091729-41092903
Note: Downsampling was applied for target(s): ENSG00000119715|chr14:76407528-76407832
Note: Downsampling was applied for target(s): ENSG00000106462|chr7:148883770-148884292
Note: Downsampling was applied for target(s): ENSG00000116478|chr1:32292127-32292611
Note: Downsampling was applied for target(s): ENSG00000100644|chr14:61695519-61695623
Note: Downsampling was applied for target(s): ENSG00000149948|chr12:65825064-65825322
Note: Downsampling was applied for target(s): ENSG00000008083|chr6:15245952-15246085
Note: Downsampling was applied for target(s): ENSG00000136826|chr9:107489474-107489768
Note: Downsampling was applied for target(s): ENSG00000136826|chr9:107488190-107488449
Note: Downsampling was applied for target(s): ENSG00000067082|chr10:3784753-3784999
Note: Downsampling was applied for target(s): ENSG00000138795|chr4:108165900-108166291
Note: Downsampling was applied for target(s): ENSG00000138795|chr4:108168675-108168864
Note: Downsampling was applied for target(s): ENSG00000136997|chr8:127735559-127736700
Note: Downsampling was applied for target(s): ENSG00000111704|chr12:7789786-7789930
Note: Downsampling was applied for target(s): ENSG00000147862|chr9:14314037-14314585
Note: Downsampling was applied for target(s): ENSG00000196092|chr9:37033984-37034464
Note: Downsampling was applied for target(s): ENSG00000204531|chr6:31170169-31170720
Note: Downsampling was applied for target(s): ENSG00000204531|chr6:31180431-31180710
Note: Downsampling was applied for target(s): ENSG00000084093|chr4:56907913-56908305
Note: Downsampling was applied for target(s): ENSG00000084093|chr4:56908921-56909365
Note: Downsampling was applied for target(s): ENSG00000159216|chr21:35048840-35049184
Note: Downsampling was applied for target(s): ENSG00000101115|chr20:51801947-51802476
Note: Downsampling was applied for target(s): ENSG00000166949|chr15:67065846-67066213
Note: Downsampling was applied for target(s): ENSG00000141646|chr18:51030218-51030696
Note: Downsampling was applied for target(s): ENSG00000080503|chr9:2015338-2015565
Note: Downsampling was applied for target(s): ENSG00000127616|chr19:10961045-10961525
Note: Downsampling was applied for target(s): ENSG00000099956|chr22:23786987-23787393
Note: Downsampling was applied for target(s): ENSG00000099956|chr22:23791770-23791831
Note: Downsampling was applied for target(s): ENSG00000173473|chr3:47781383-47781872
Note: Downsampling was applied for target(s): ENSG00000139613|chr12:56189298-56189479
Note: Downsampling was applied for target(s): ENSG00000066117|chr12:50085236-50085698
Note: Downsampling was applied for target(s): ENSG00000108604|chr17:63842670-63842963
Note: Downsampling was applied for target(s): ENSG00000082014|chr7:151276985-151277168
Note: Downsampling was applied for target(s): ENSG00000082014|chr7:151248441-151248669
Note: Downsampling was applied for target(s): ENSG00000181449|chr3:181711908-181712439
Note: Downsampling was applied for target(s): ENSG00000178691|chr17:31937137-31937387
Note: Downsampling was applied for target(s): ENSG00000135111|chr12:114684146-114684196
Note: Downsampling was applied for target(s): ENSG00000140262|chr15:56918689-56918988
Note: Downsampling was applied for target(s): ENSG00000140262|chr15:57219458-57219674
Note: Downsampling was applied for target(s): ENSG00000152284|chr2:85133442-85133874
Note: Downsampling was applied for target(s): ENSG00000148737|chr10:112950246-112950315
Note: Downsampling was applied for target(s): ENSG00000081059|chr5:134114699-134115518
Note: Downsampling was applied for target(s): ENSG00000115112|chr2:121284700-121285179

All target regions processed.
Starting Step 2: Disco Tests and Hypergeometric Outlier Calculation...
  Target 'ENSG00000110651|chr11:2377315-2377333' had 2 sgRNA group(s) downsampled to combi_cell_num_max=1000 per group. Total cells for disco test: 2000.
  Target 'ENSG00000177697|chr11:833006-833024' had 2 sgRNA group(s) downsampled to combi_cell_num_max=1000 per group. Total cells for disco test: 2000.
  Target 'ENSG00000196266|chr1:159314202-159314653' had 5 sgRNA group(s) downsampled to combi_cell_num_max=1000 per group. Total cells for disco test: 5903.
  Target 'ENSG00000221933|chr7:144074196-144074622' had 6 sgRNA group(s) downsampled to combi_cell_num_max=1000 per group. Total cells for disco test: 6000.
  Target 'ENSG00000188124|chr11:6768838-6769042' had 6 sgRNA group(s) downsampled to combi_cell_num_max=1000 per group. Total cells for disco test: 6000.
  Target 'ENSG00000178358|chr11:6921017-6921220' had 5 sgRNA group(s) downsampled to combi_cell_num_max=1000 per group. Total cells for disco test: 5699.
  Target 'ENSG00000213215|chr7:143959941-143960377' had 6 sgRNA group(s) downsampled to combi_cell_num_max=1000 per group. Total cells for disco test: 6000.
  Target 'ENSG00000166884|chr11:59456915-59457023' had 6 sgRNA group(s) downsampled to combi_cell_num_max=1000 per group. Total cells for disco test: 6000.
  Target 'ENSG00000176567|chr11:48263880-48264304' had 5 sgRNA group(s) downsampled to combi_cell_num_max=1000 per group. Total cells for disco test: 5987.
  Target 'ENSG00000184933|chr11:6795688-6795887' had 5 sgRNA group(s) downsampled to combi_cell_num_max=1000 per group. Total cells for disco test: 5311.
  Target 'ENSG00000181499|chr11:123943393-123943835' had 5 sgRNA group(s) downsampled to combi_cell_num_max=1000 per group. Total cells for disco test: 5893.
  Target 'ENSG00000072364|chr5:132963540-132963638' had 6 sgRNA group(s) downsampled to combi_cell_num_max=1000 per group. Total cells for disco test: 6000.
  Target 'ENSG00000117713|chr1:26696017-26696482' had 5 sgRNA group(s) downsampled to combi_cell_num_max=1000 per group. Total cells for disco test: 5507.
  Target 'ENSG00000049618|chr6:156777663-156778009' had 6 sgRNA group(s) downsampled to combi_cell_num_max=1000 per group. Total cells for disco test: 6000.
  Target 'ENSG00000049618|chr6:156779041-156779230' had 6 sgRNA group(s) downsampled to combi_cell_num_max=1000 per group. Total cells for disco test: 6000.
  Target 'ENSG00000133794|chr11:13277791-13277895' had 5 sgRNA group(s) downsampled to combi_cell_num_max=1000 per group. Total cells for disco test: 5270.
  Target 'ENSG00000143437|chr1:150876336-150876712' had 4 sgRNA group(s) downsampled to combi_cell_num_max=1000 per group. Total cells for disco test: 4665.
  Target 'ENSG00000156127|chr14:75522489-75522572' had 5 sgRNA group(s) downsampled to combi_cell_num_max=1000 per group. Total cells for disco test: 5254.
  Target 'ENSG00000134852|chr4:55546719-55546835' had 5 sgRNA group(s) downsampled to combi_cell_num_max=1000 per group. Total cells for disco test: 5140.
  Target 'ENSG00000005339|chr16:3880184-3880693' had 5 sgRNA group(s) downsampled to combi_cell_num_max=1000 per group. Total cells for disco test: 5101.
  Target 'ENSG00000168036|chr3:41199511-41199710' had 5 sgRNA group(s) downsampled to combi_cell_num_max=1000 per group. Total cells for disco test: 5040.
  Target 'ENSG00000074266|chr11:86244776-86245214' had 5 sgRNA group(s) downsampled to combi_cell_num_max=1000 per group. Total cells for disco test: 5466.
  Target 'ENSG00000100393|chr22:41091729-41092903' had 5 sgRNA group(s) downsampled to combi_cell_num_max=1000 per group. Total cells for disco test: 5312.
  Target 'ENSG00000119715|chr14:76407528-76407832' had 6 sgRNA group(s) downsampled to combi_cell_num_max=1000 per group. Total cells for disco test: 6000.
  Target 'ENSG00000106462|chr7:148883770-148884292' had 6 sgRNA group(s) downsampled to combi_cell_num_max=1000 per group. Total cells for disco test: 6000.
  Target 'ENSG00000116478|chr1:32292127-32292611' had 3 sgRNA group(s) downsampled to combi_cell_num_max=1000 per group. Total cells for disco test: 5143.
  Target 'ENSG00000100644|chr14:61695519-61695623' had 5 sgRNA group(s) downsampled to combi_cell_num_max=1000 per group. Total cells for disco test: 5618.
  Target 'ENSG00000149948|chr12:65825064-65825322' had 6 sgRNA group(s) downsampled to combi_cell_num_max=1000 per group. Total cells for disco test: 6000.
  Target 'ENSG00000008083|chr6:15245952-15246085' had 6 sgRNA group(s) downsampled to combi_cell_num_max=1000 per group. Total cells for disco test: 6000.
  Target 'ENSG00000136826|chr9:107489474-107489768' had 5 sgRNA group(s) downsampled to combi_cell_num_max=1000 per group. Total cells for disco test: 5633.
  Target 'ENSG00000136826|chr9:107488190-107488449' had 5 sgRNA group(s) downsampled to combi_cell_num_max=1000 per group. Total cells for disco test: 5201.
  Target 'ENSG00000067082|chr10:3784753-3784999' had 6 sgRNA group(s) downsampled to combi_cell_num_max=1000 per group. Total cells for disco test: 6000.
  Target 'ENSG00000138795|chr4:108165900-108166291' had 6 sgRNA group(s) downsampled to combi_cell_num_max=1000 per group. Total cells for disco test: 6000.
  Target 'ENSG00000138795|chr4:108168675-108168864' had 5 sgRNA group(s) downsampled to combi_cell_num_max=1000 per group. Total cells for disco test: 5094.
  Target 'ENSG00000136997|chr8:127735559-127736700' had 4 sgRNA group(s) downsampled to combi_cell_num_max=1000 per group. Total cells for disco test: 4349.
  Target 'ENSG00000111704|chr12:7789786-7789930' had 1 sgRNA group(s) downsampled to combi_cell_num_max=1000 per group. Total cells for disco test: 1536.
  Target 'ENSG00000147862|chr9:14314037-14314585' had 5 sgRNA group(s) downsampled to combi_cell_num_max=1000 per group. Total cells for disco test: 5218.
  Target 'ENSG00000196092|chr9:37033984-37034464' had 4 sgRNA group(s) downsampled to combi_cell_num_max=1000 per group. Total cells for disco test: 4648.
  Target 'ENSG00000204531|chr6:31170169-31170720' had 2 sgRNA group(s) downsampled to combi_cell_num_max=1000 per group. Total cells for disco test: 2184.
  Target 'ENSG00000204531|chr6:31180431-31180710' had 6 sgRNA group(s) downsampled to combi_cell_num_max=1000 per group. Total cells for disco test: 6000.
  Target 'ENSG00000084093|chr4:56907913-56908305' had 5 sgRNA group(s) downsampled to combi_cell_num_max=1000 per group. Total cells for disco test: 5102.
  Target 'ENSG00000084093|chr4:56908921-56909365' had 6 sgRNA group(s) downsampled to combi_cell_num_max=1000 per group. Total cells for disco test: 6000.
  Target 'ENSG00000159216|chr21:35048840-35049184' had 4 sgRNA group(s) downsampled to combi_cell_num_max=1000 per group. Total cells for disco test: 5187.
  Target 'ENSG00000166949|chr15:67065846-67066213' had 5 sgRNA group(s) downsampled to combi_cell_num_max=1000 per group. Total cells for disco test: 5423.
  Target 'ENSG00000141646|chr18:51030218-51030696' had 4 sgRNA group(s) downsampled to combi_cell_num_max=1000 per group. Total cells for disco test: 4828.
  Target 'ENSG00000080503|chr9:2015338-2015565' had 5 sgRNA group(s) downsampled to combi_cell_num_max=1000 per group. Total cells for disco test: 5971.
  Target 'ENSG00000127616|chr19:10961045-10961525' had 5 sgRNA group(s) downsampled to combi_cell_num_max=1000 per group. Total cells for disco test: 5905.
  Target 'ENSG00000099956|chr22:23786987-23787393' had 5 sgRNA group(s) downsampled to combi_cell_num_max=1000 per group. Total cells for disco test: 5039.
  Target 'ENSG00000099956|chr22:23791770-23791831' had 5 sgRNA group(s) downsampled to combi_cell_num_max=1000 per group. Total cells for disco test: 5232.
  Target 'ENSG00000173473|chr3:47781383-47781872' had 4 sgRNA group(s) downsampled to combi_cell_num_max=1000 per group. Total cells for disco test: 4356.
  Target 'ENSG00000139613|chr12:56189298-56189479' had 6 sgRNA group(s) downsampled to combi_cell_num_max=1000 per group. Total cells for disco test: 6000.
  Target 'ENSG00000066117|chr12:50085236-50085698' had 3 sgRNA group(s) downsampled to combi_cell_num_max=1000 per group. Total cells for disco test: 4240.
  Target 'ENSG00000108604|chr17:63842670-63842963' had 6 sgRNA group(s) downsampled to combi_cell_num_max=1000 per group. Total cells for disco test: 6000.
  Target 'ENSG00000082014|chr7:151276985-151277168' had 5 sgRNA group(s) downsampled to combi_cell_num_max=1000 per group. Total cells for disco test: 5292.
  Target 'ENSG00000082014|chr7:151248441-151248669' had 6 sgRNA group(s) downsampled to combi_cell_num_max=1000 per group. Total cells for disco test: 6000.
  Target 'ENSG00000181449|chr3:181711908-181712439' had 5 sgRNA group(s) downsampled to combi_cell_num_max=1000 per group. Total cells for disco test: 5524.
  Target 'ENSG00000178691|chr17:31937137-31937387' had 3 sgRNA group(s) downsampled to combi_cell_num_max=1000 per group. Total cells for disco test: 4270.
  Target 'ENSG00000135111|chr12:114684146-114684196' had 6 sgRNA group(s) downsampled to combi_cell_num_max=1000 per group. Total cells for disco test: 6000.
  Target 'ENSG00000140262|chr15:56918689-56918988' had 6 sgRNA group(s) downsampled to combi_cell_num_max=1000 per group. Total cells for disco test: 6000.
  Target 'ENSG00000140262|chr15:57219458-57219674' had 5 sgRNA group(s) downsampled to combi_cell_num_max=1000 per group. Total cells for disco test: 5296.
  Target 'ENSG00000152284|chr2:85133442-85133874' had 6 sgRNA group(s) downsampled to combi_cell_num_max=1000 per group. Total cells for disco test: 6000.
  Target 'ENSG00000148737|chr10:112950246-112950315' had 5 sgRNA group(s) downsampled to combi_cell_num_max=1000 per group. Total cells for disco test: 5091.
  Target 'ENSG00000081059|chr5:134114699-134115518' had 5 sgRNA group(s) downsampled to combi_cell_num_max=1000 per group. Total cells for disco test: 5297.
  Target 'ENSG00000115112|chr2:121284700-121285179' had 4 sgRNA group(s) downsampled to combi_cell_num_max=1000 per group. Total cells for disco test: 4165.

Finished processing all targets.
Aggregating results and saving to CSV...
Successfully saved outlier p-values to '/cellar/users/aklie/projects/tf_perturb_seq/datasets/Gersbach_WTC11-benchmark_TF-Perturb-seq_HTv2/results/energy_distance/cleanser_800_mito_15pc/targeting_outlier_table.csv'
Num of non-targeting gRNAs: 30
Downsampled 26 non-targeting sgRNA group(s) to 1000 cells before pairwise_torch.
k-means analysis of non-targeting
[0 1 2] [26  1  3]
largest group:  0
largest group ratio:  0.867
[step2] energy distance vs non-targeting
--- Configuration Loaded ---
{
    "output_file_name_list": {
        "OUTPUT_FOLDER": "/cellar/users/aklie/projects/tf_perturb_seq/datasets/Gersbach_WTC11-benchmark_TF-Perturb-seq_HTv2/results/energy_distance/cleanser_800_mito_15pc",
        "targeting_outlier_table": "targeting_outlier_table.csv",
        "non_targeting_outlier_table": "non_targeting_outlier_table.csv",
        "edist_pvalue_table": "pval_edist_full.csv",
        "edist_target_by_target_matrix": "target_by_target_matrix.csv",
        "edist_embedding_info": "edist_embedding_info.csv",
        "pca_table": "pca_dataframe.pickle",
        "gRNA_dict": "gRNA_dict.pickle",
        "discordance_gRNA_table": "discordance_gRNA.csv",
        "OVERWRITE_PCA_DICT": false
    },
    "input_data": {
        "annotation_file": {
            "file_path": "/cellar/users/aklie/projects/tf_perturb_seq/datasets/Gersbach_WTC11-benchmark_TF-Perturb-seq_HTv2/results/energy_distance/cleanser_800_mito_15pc/annotation_table.csv",
            "concatenate_key": "intended_target_name"
        },
        "h5ad_file": {
            "file_path": "/cellar/users/aklie/projects/tf_perturb_seq/datasets/Gersbach_WTC11-benchmark_TF-Perturb-seq_HTv2/results/energy_distance/cleanser_800_mito_15pc/preprocessed.h5ad",
            "obsm_key": "X_pca"
        },
        "sgRNA_file": {
            "file_path": "/cellar/users/aklie/projects/tf_perturb_seq/datasets/Gersbach_WTC11-benchmark_TF-Perturb-seq_HTv2/results/energy_distance/cleanser_800_mito_15pc/gRNA_dict.pickle"
        }
    },
    "gRNA_filtering": {
        "perform_targeting_filtering": true,
        "perform_nontargeting_filtering": true,
        "threshold_gRNA_num": 6,
        "combi_count": 4,
        "total_permute_disco": 1000,
        "combi_cell_num_max": 1000,
        "batch_num_basic": 120
    },
    "permutation_test": {
        "permute_per_bg": 1000,
        "num_of_bg": 20,
        "non_target_pick": 2000,
        "target_cell_num_max": 2000,
        "batch_num_basic": 200,
        "use_matched_bg": false
    },
    "aggregate": {
        "downsampling_maximum": 10000
    }
}
--------------------------
--- Processing PCA data ---
Loading existing PCA file '/cellar/users/aklie/projects/tf_perturb_seq/datasets/Gersbach_WTC11-benchmark_TF-Perturb-seq_HTv2/results/energy_distance/cleanser_800_mito_15pc/pca_dataframe.pickle'.

--- Processing gRNA dictionary ---
Loading existing gRNA dictionary file '/cellar/users/aklie/projects/tf_perturb_seq/datasets/Gersbach_WTC11-benchmark_TF-Perturb-seq_HTv2/results/energy_distance/cleanser_800_mito_15pc/gRNA_dict.pickle'.
gRNA dictionary loaded successfully. Found 416 types of gRNAs.

--- Processing finished ---
Load csv formated annotation file
annotation file loaded
--------
safe-targeting: 0 gRNAs
non-targeting: 30 gRNAs
targeting: 378 gRNAs
positive control: 8 gRNAs
negative control: 0 gRNAs
variant: 0 gRNAs
416 gRNAs are found in both annotation and gRNA_dict
0 gRNAs are found only in annotation (possibly dropout)
0 gRNAs are found only in gRNA_dict
Total: 65
Use non-targeting background
Too many (30422) cell per target downsampled to 2000
Too many (29176) cell per target downsampled to 2000
Too many (16541) cell per target downsampled to 2000
Too many (19346) cell per target downsampled to 2000
Too many (20045) cell per target downsampled to 2000
Too many (14202) cell per target downsampled to 2000
Too many (17553) cell per target downsampled to 2000
Too many (14713) cell per target downsampled to 2000
Too many (18651) cell per target downsampled to 2000
Too many (16374) cell per target downsampled to 2000

Saving intermediate results after processing 10 regions...
Intermediate results saved.

Too many (13549) cell per target downsampled to 2000
Too many (23550) cell per target downsampled to 2000
Too many (6544) cell per target downsampled to 2000
Too many (17128) cell per target downsampled to 2000
Too many (18514) cell per target downsampled to 2000
Too many (14643) cell per target downsampled to 2000
Too many (14245) cell per target downsampled to 2000
Too many (11720) cell per target downsampled to 2000
Too many (8656) cell per target downsampled to 2000
Too many (10009) cell per target downsampled to 2000

Saving intermediate results after processing 20 regions...
Intermediate results saved.

Too many (14306) cell per target downsampled to 2000
Too many (12536) cell per target downsampled to 2000
Too many (12342) cell per target downsampled to 2000
Too many (20582) cell per target downsampled to 2000
Too many (5753) cell per target downsampled to 2000
Too many (14105) cell per target downsampled to 2000
Too many (16614) cell per target downsampled to 2000
Too many (17130) cell per target downsampled to 2000
Too many (8759) cell per target downsampled to 2000
Too many (10354) cell per target downsampled to 2000

Saving intermediate results after processing 30 regions...
Intermediate results saved.

Too many (14758) cell per target downsampled to 2000
Too many (21059) cell per target downsampled to 2000
Too many (20100) cell per target downsampled to 2000
Too many (12703) cell per target downsampled to 2000
Too many (12876) cell per target downsampled to 2000
Too many (2412) cell per target downsampled to 2000
Too many (13536) cell per target downsampled to 2000
Too many (16850) cell per target downsampled to 2000
Too many (7248) cell per target downsampled to 2000
Too many (16842) cell per target downsampled to 2000

Saving intermediate results after processing 40 regions...
Intermediate results saved.

Too many (14648) cell per target downsampled to 2000
Too many (23006) cell per target downsampled to 2000
Too many (16288) cell per target downsampled to 2000
Too many (2656) cell per target downsampled to 2000
Too many (15455) cell per target downsampled to 2000
Too many (21713) cell per target downsampled to 2000
Too many (13048) cell per target downsampled to 2000
Too many (12406) cell per target downsampled to 2000
Too many (15254) cell per target downsampled to 2000
Too many (17447) cell per target downsampled to 2000

Saving intermediate results after processing 50 regions...
Intermediate results saved.

Too many (6842) cell per target downsampled to 2000
Too many (14480) cell per target downsampled to 2000
Too many (12640) cell per target downsampled to 2000
Too many (21960) cell per target downsampled to 2000
Too many (10872) cell per target downsampled to 2000
Too many (17614) cell per target downsampled to 2000
Too many (17851) cell per target downsampled to 2000
Too many (4850) cell per target downsampled to 2000
Too many (14718) cell per target downsampled to 2000
Too many (18650) cell per target downsampled to 2000

Saving intermediate results after processing 60 regions...
Intermediate results saved.

Too many (18179) cell per target downsampled to 2000
Too many (23249) cell per target downsampled to 2000
Too many (21753) cell per target downsampled to 2000
Too many (15756) cell per target downsampled to 2000
Too many (13520) cell per target downsampled to 2000

Processing complete. Saving final results...
Final results saved to /cellar/users/aklie/projects/tf_perturb_seq/datasets/Gersbach_WTC11-benchmark_TF-Perturb-seq_HTv2/results/energy_distance/cleanser_800_mito_15pc/pval_edist_full.csv
[step2.1] diagnostic plots
generate folder for figure: /cellar/users/aklie/projects/tf_perturb_seq/datasets/Gersbach_WTC11-benchmark_TF-Perturb-seq_HTv2/results/energy_distance/cleanser_800_mito_15pc/image
Load csv formated annotation file
annotation file loaded
--------
safe-targeting: 0 gRNAs
non-targeting: 30 gRNAs
targeting: 378 gRNAs
positive control: 8 gRNAs
negative control: 0 gRNAs
variant: 0 gRNAs
Number of regions in each type:
positive control : 2
targeting : 63
Warning: 'negative control' not found in the type list. Please check your data.
[step3] SKIPPED (run separately after picking cutoffs in config3.json)
[done] energy distance pipeline complete: /cellar/users/aklie/projects/tf_perturb_seq/datasets/Gersbach_WTC11-benchmark_TF-Perturb-seq_HTv2/results/energy_distance/cleanser_800_mito_15pc
