Job: 10547053 @ carter-gpu-02 Fri May  8 16:11:02 PDT 2026
Fri May  8 16:11:02 2026       
+-----------------------------------------------------------------------------------------+
| NVIDIA-SMI 565.57.01              Driver Version: 565.57.01      CUDA Version: 12.7     |
|-----------------------------------------+------------------------+----------------------+
| GPU  Name                 Persistence-M | Bus-Id          Disp.A | Volatile Uncorr. ECC |
| Fan  Temp   Perf          Pwr:Usage/Cap |           Memory-Usage | GPU-Util  Compute M. |
|                                         |                        |               MIG M. |
|=========================================+========================+======================|
|   0  NVIDIA A30                     On  |   00000000:C1:00.0 Off |                    0 |
| N/A   35C    P0             30W /  165W |       1MiB /  24576MiB |      0%      Default |
|                                         |                        |             Disabled |
+-----------------------------------------+------------------------+----------------------+
                                                                                         
+-----------------------------------------------------------------------------------------+
| Processes:                                                                              |
|  GPU   GI   CI        PID   Type   Process name                              GPU Memory |
|        ID   ID                                                               Usage      |
|=========================================================================================|
|  No running processes found                                                             |
+-----------------------------------------------------------------------------------------+
[setup] reusing already-downloaded MuData at /cellar/users/aklie/projects/tf_perturb_seq/datasets/Huangfu_HUES8-definitive-endoderm-differentiation_TF-Perturb-seq/results/energy_distance/muddy_penguin/inference_mudata.h5mu
[setup] MuData: /cellar/users/aklie/projects/tf_perturb_seq/datasets/Huangfu_HUES8-definitive-endoderm-differentiation_TF-Perturb-seq/results/energy_distance/muddy_penguin/inference_mudata.h5mu (7.9G)
[setup] container: /cellar/users/aklie/opt/containers/edist_pipeline.sif
[setup] pipeline bin: /cellar/users/aklie/projects/tf_perturb_seq/external/energy_dist_pipeline/bin
[setup] preprocess script: /cellar/users/aklie/projects/tf_perturb_seq/scripts/preprocess_mudata_local.py
[setup] configs written to /cellar/users/aklie/projects/tf_perturb_seq/datasets/Huangfu_HUES8-definitive-endoderm-differentiation_TF-Perturb-seq/results/energy_distance/muddy_penguin
[step0] preprocessed files exist — skipping
[step1] filter outlier gRNAs
--- Configuration Loaded ---
{
    "output_file_name_list": {
        "OUTPUT_FOLDER": "/cellar/users/aklie/projects/tf_perturb_seq/datasets/Huangfu_HUES8-definitive-endoderm-differentiation_TF-Perturb-seq/results/energy_distance/muddy_penguin",
        "targeting_outlier_table": "targeting_outlier_table.csv",
        "non_targeting_outlier_table": "non_targeting_outlier_table.csv",
        "edist_pvalue_table": "pval_edist_full.csv",
        "edist_target_by_target_matrix": "target_by_target_matrix.csv",
        "edist_embedding_info": "edist_embedding_info.csv",
        "pca_table": "pca_dataframe.pickle",
        "gRNA_dict": "gRNA_dict.pickle",
        "discordance_gRNA_table": "discordance_gRNA.csv",
        "OVERWRITE_PCA_DICT": false
    },
    "input_data": {
        "annotation_file": {
            "file_path": "/cellar/users/aklie/projects/tf_perturb_seq/datasets/Huangfu_HUES8-definitive-endoderm-differentiation_TF-Perturb-seq/results/energy_distance/muddy_penguin/annotation_table.csv",
            "concatenate_key": "intended_target_name"
        },
        "h5ad_file": {
            "file_path": "/cellar/users/aklie/projects/tf_perturb_seq/datasets/Huangfu_HUES8-definitive-endoderm-differentiation_TF-Perturb-seq/results/energy_distance/muddy_penguin/preprocessed.h5ad",
            "obsm_key": "X_pca"
        },
        "sgRNA_file": {
            "file_path": "/cellar/users/aklie/projects/tf_perturb_seq/datasets/Huangfu_HUES8-definitive-endoderm-differentiation_TF-Perturb-seq/results/energy_distance/muddy_penguin/gRNA_dict.pickle"
        }
    },
    "gRNA_filtering": {
        "perform_targeting_filtering": true,
        "perform_nontargeting_filtering": true,
        "threshold_gRNA_num": 6,
        "combi_count": 4,
        "total_permute_disco": 1000,
        "combi_cell_num_max": 1000,
        "batch_num_basic": 120
    },
    "permutation_test": {
        "permute_per_bg": 1000,
        "num_of_bg": 20,
        "non_target_pick": 2000,
        "target_cell_num_max": 2000,
        "batch_num_basic": 200,
        "use_matched_bg": false
    },
    "aggregate": {
        "downsampling_maximum": 10000
    }
}
--------------------------
--- Processing PCA data ---
Loading existing PCA file '/cellar/users/aklie/projects/tf_perturb_seq/datasets/Huangfu_HUES8-definitive-endoderm-differentiation_TF-Perturb-seq/results/energy_distance/muddy_penguin/pca_dataframe.pickle'.
An error occurred while loading PCA file '/cellar/users/aklie/projects/tf_perturb_seq/datasets/Huangfu_HUES8-definitive-endoderm-differentiation_TF-Perturb-seq/results/energy_distance/muddy_penguin/pca_dataframe.pickle': No module named 'numpy._core.numeric'
Load csv formated annotation file
annotation file loaded
--------
safe-targeting: 0 gRNAs
non-targeting: 600 gRNAs
targeting: 12934 gRNAs
positive control: 19 gRNAs
negative control: 598 gRNAs
variant: 0 gRNAs
