Updated property [core/account].
Copying gs://igvf-pertub-seq-pipeline-data/Huangfu_HUES8-definitive-endoderm-differentiation_TF-Perturb-seq/2026_04_09/outs/muddy_penguin/inference_mudata.h5mu to file:///cellar/users/aklie/projects/tf_perturb_seq/datasets/Huangfu_HUES8-definitive-endoderm-differentiation_TF-Perturb-seq/results/energy_distance/muddy_penguin/inference_mudata.h5mu
  
......................................................................................................................................................................................................................................

Average throughput: 413.2MiB/s
WARNING: While bind mounting '/cellar/users/aklie/projects/tf_perturb_seq/datasets/Huangfu_HUES8-definitive-endoderm-differentiation_TF-Perturb-seq/results/energy_distance/muddy_penguin:/cellar/users/aklie/projects/tf_perturb_seq/datasets/Huangfu_HUES8-definitive-endoderm-differentiation_TF-Perturb-seq/results/energy_distance/muddy_penguin': destination is already in the mount point list
INFO:    underlay of /usr/bin/nvidia-smi required more than 50 (350) bind mounts

[notice] A new release of pip is available: 25.0.1 -> 26.1.1
[notice] To update, run: pip install --upgrade pip
/tmp/muon_deps/muon/_core/preproc.py:31: FutureWarning: `__version__` is deprecated, use `importlib.metadata.version('scanpy')` instead
  if Version(scanpy.__version__) < Version("1.10"):
/tmp/muon_deps/mudata/_core/mudata.py:1416: FutureWarning: From 0.4 .update() will not pull obs/var columns from individual modalities by default anymore. Set mudata.set_options(pull_on_update=False) to adopt the new behaviour, which will become the default. Use new pull_obs/pull_var and push_obs/push_var methods for more flexibility.
  self._update_attr("var", axis=0, join_common=join_common)
/tmp/muon_deps/mudata/_core/mudata.py:1272: FutureWarning: From 0.4 .update() will not pull obs/var columns from individual modalities by default anymore. Set mudata.set_options(pull_on_update=False) to adopt the new behaviour, which will become the default. Use new pull_obs/pull_var and push_obs/push_var methods for more flexibility.
  self._update_attr("obs", axis=1, join_common=join_common)
/usr/local/lib/python3.12/functools.py:912: UserWarning: zero-centering a sparse array/matrix densifies it.
  return dispatch(args[0].__class__)(*args, **kw)
Traceback (most recent call last):
  File "/cellar/users/aklie/projects/tf_perturb_seq/scripts/preprocess_mudata_local.py", line 102, in <module>
    main()
  File "/cellar/users/aklie/projects/tf_perturb_seq/scripts/preprocess_mudata_local.py", line 77, in main
    g_var = adata_g.var.reset_index().rename(columns={"index": "guide_id"})
            ^^^^^^^^^^^^^^^^^^^^^^^^^
  File "/tmp/muon_deps/pandas/core/frame.py", line 6494, in reset_index
    new_obj.insert(
  File "/tmp/muon_deps/pandas/core/frame.py", line 5180, in insert
    raise ValueError(f"cannot insert {column}, already exists")
ValueError: cannot insert guide_id, already exists
