[setup] wrote /cellar/users/aklie/projects/tf_perturb_seq/datasets/Huangfu_HUES8-definitive-endoderm-differentiation_TF-Perturb-seq/results/energy_distance/muddy_penguin/config3.json
[setup] using bin: /cellar/users/aklie/projects/tf_perturb_seq/external/energy_dist_pipeline/bin
[setup] using container: /cellar/users/aklie/opt/containers/edist_pipeline.sif
[step3] target-by-target distance + clustering
--- Configuration Loaded ---
{
    "cutoff": {
        "pval_cutoff": 0.01,
        "distance_cutoff": 0
    },
    "clustering": {
        "method": "Affinity"
    }
}
--------------------------
--- Processing PCA data ---
Loading existing PCA file '/cellar/users/aklie/projects/tf_perturb_seq/datasets/Huangfu_HUES8-definitive-endoderm-differentiation_TF-Perturb-seq/results/energy_distance/muddy_penguin/pca_dataframe.pickle'.

--- Processing gRNA dictionary ---
Loading existing gRNA dictionary file '/cellar/users/aklie/projects/tf_perturb_seq/datasets/Huangfu_HUES8-definitive-endoderm-differentiation_TF-Perturb-seq/results/energy_distance/muddy_penguin/gRNA_dict.pickle'.
gRNA dictionary loaded successfully. Found 14151 types of gRNAs.

--- Processing finished ---
Load csv formated annotation file
annotation file loaded
--------
safe-targeting: 0 gRNAs
non-targeting: 600 gRNAs
targeting: 12934 gRNAs
positive control: 19 gRNAs
negative control: 598 gRNAs
variant: 0 gRNAs
